<html>
<body>
<pre>
<h1>µVision Build Log</h1>
<h2>Project:</h2>
F:\freertos\FreeRTOSv10.2.1\FreeRTOSv10.2.1\FreeRTOS\Demo\CORTEX_STM32F103_Keil\RTOSDemo.uvproj
Project File Date:  01/04/2020

<h2>Output:</h2>
Build target 'Target 1'
compiling lcd.c...
compiling ParTest.c...
compiling serial.c...
compiling timertest.c...
compiling main.c...
main.c(183): warning:  #223-D: function "strncpy" declared implicitly
main.c(177): warning:  #177-D: variable "xReturn" was declared but never referenced
main.c(188): error:  #20: identifier "CLI_Command_Definition_t" is undefined
error type>(207): warning:  #223-D: function "FreeRTOS_CLIRegisterCommand" declared implicitly
main.c(243): warning:  #177-D: function "vLCDTask" was declared but never referenced
main.c(262): warning:  #177-D: function "vCheckTask" was declared but never referenced
compiling semtest.c...
compiling BlockQ.c...
compiling blocktim.c...
compiling comtest.c...
compiling death.c...
compiling flash.c...
compiling integer.c...
compiling PollQ.c...
compiling FreeRTOS_CLI.c...
compiling UARTCommandConsole.c...
compiling tasks.c...
compiling list.c...
compiling queue.c...
compiling port.c...
compiling heap_2.c...
Target not created
Build target 'Target 1'
compiling main.c...
main.c(180): warning:  #177-D: variable "xReturn" was declared but never referenced
main.c(210): error:  #167: argument of type "CLI_Command_Definition_t" is incompatible with parameter of type "const CLI_Command_Definition_t *const"
main.c(246): warning:  #177-D: function "vLCDTask" was declared but never referenced
main.c(265): warning:  #177-D: function "vCheckTask" was declared but never referenced
Target not created
Build target 'Target 1'
compiling main.c...
main.c(180): warning:  #177-D: variable "xReturn" was declared but never referenced
main.c(246): warning:  #177-D: function "vLCDTask" was declared but never referenced
main.c(265): warning:  #177-D: function "vCheckTask" was declared but never referenced
linking...
Program Size: Code=24376 RO-data=14976 RW-data=272 ZI-data=18752  
"RTOSDemo.axf" - 0 Error(s), 3 Warning(s).
Build target 'Target 1'
compiling main.c...
main.c(245): warning:  #177-D: function "vLCDTask" was declared but never referenced
main.c(264): warning:  #177-D: function "vCheckTask" was declared but never referenced
linking...
Program Size: Code=24376 RO-data=14976 RW-data=272 ZI-data=18752  
"RTOSDemo.axf" - 0 Error(s), 2 Warning(s).
Load "F:\\freertos\\FreeRTOSv10.2.1\\FreeRTOSv10.2.1\\FreeRTOS\\Demo\\CORTEX_STM32F103_Keil\\RTOSDemo.AXF" 
Internal DLL Error
Build target 'Target 1'
linking...
Program Size: Code=24376 RO-data=14976 RW-data=272 ZI-data=18752  
"RTOSDemo.axf" - 0 Error(s), 0 Warning(s).
Load "F:\\freertos\\FreeRTOSv10.2.1\\FreeRTOSv10.2.1\\FreeRTOS\\Demo\\CORTEX_STM32F103_Keil\\RTOSDemo.AXF" 
Erase Done.
Programming Done.
Verify OK.
Application running ...
