<html>
<body>
<pre>
<h1>µVision Build Log</h1>
<h2>Project:</h2>
F:\freertos\FreeRTOSv10.2.1\FreeRTOSv10.2.1\FreeRTOS\Demo\CORTEX_STM32F103_Keil\RTOSDemo.uvproj
Project File Date:  01/04/2020

<h2>Output:</h2>
Build target 'Target 1'
compiling main.c...
main.c(285): warning:  #192-D: unrecognized character escape sequence
main.c(552): warning:  #223-D: function "xSerialPutChar" declared implicitly
main.c(386): warning:  #177-D: function "vLCDTask" was declared but never referenced
main.c(405): warning:  #177-D: function "vCheckTask" was declared but never referenced
linking...
Program Size: Code=29768 RO-data=15044 RW-data=308 ZI-data=18748  
"RTOSDemo.axf" - 0 Error(s), 4 Warning(s).
Load "F:\\freertos\\FreeRTOSv10.2.1\\FreeRTOSv10.2.1\\FreeRTOS\\Demo\\CORTEX_STM32F103_Keil\\RTOSDemo.AXF" 
Erase Done.
Programming Done.
Verify OK.
Application running ...
Build target 'Target 1'
compiling main.c...
main.c(270): error:  #513: a value of type "char *" cannot be assigned to an entity of type "char"
main.c(285): warning:  #192-D: unrecognized character escape sequence
main.c(552): warning:  #223-D: function "xSerialPutChar" declared implicitly
main.c(386): warning:  #177-D: function "vLCDTask" was declared but never referenced
main.c(405): warning:  #177-D: function "vCheckTask" was declared but never referenced
Target not created
Build target 'Target 1'
compiling main.c...
main.c(285): warning:  #192-D: unrecognized character escape sequence
main.c(552): warning:  #223-D: function "xSerialPutChar" declared implicitly
main.c(386): warning:  #177-D: function "vLCDTask" was declared but never referenced
main.c(405): warning:  #177-D: function "vCheckTask" was declared but never referenced
linking...
Program Size: Code=29768 RO-data=15044 RW-data=308 ZI-data=18748  
"RTOSDemo.axf" - 0 Error(s), 4 Warning(s).
Rebuild target 'Target 1'
assembling STM32F10x.s...
compiling lcd.c...
assembling cortexm3_macro_rvds.s...
compiling stm32f10x_usart.c...
compiling stm32f10x_gpio.c...
compiling stm32f10x_lib.c...
compiling stm32f10x_nvic.c...
compiling stm32f10x_rcc.c...
compiling stm32f10x_spi.c...
compiling stm32f10x_systick.c...
compiling stm32f10x_tim.c...
compiling ParTest.c...
compiling serial.c...
compiling timertest.c...
compiling main.c...
main.c(285): warning:  #192-D: unrecognized character escape sequence
main.c(552): warning:  #223-D: function "xSerialPutChar" declared implicitly
main.c(386): warning:  #177-D: function "vLCDTask" was declared but never referenced
main.c(405): warning:  #177-D: function "vCheckTask" was declared but never referenced
compiling spi_flash.c...
compiling semtest.c...
compiling BlockQ.c...
compiling blocktim.c...
compiling comtest.c...
compiling death.c...
compiling flash.c...
compiling integer.c...
compiling PollQ.c...
compiling FreeRTOS_CLI.c...
compiling UARTCommandConsole.c...
compiling tasks.c...
compiling list.c...
compiling queue.c...
compiling port.c...
compiling heap_2.c...
linking...
Program Size: Code=29768 RO-data=15044 RW-data=308 ZI-data=18748  
"RTOSDemo.axf" - 0 Error(s), 4 Warning(s).
Load "F:\\freertos\\FreeRTOSv10.2.1\\FreeRTOSv10.2.1\\FreeRTOS\\Demo\\CORTEX_STM32F103_Keil\\RTOSDemo.AXF" 
Erase Done.
Programming Done.
Verify OK.
Application running ...
